{
    "-profile test": {
        "content": [
            {
                "ANCHOR_TRANSCRIPTS": {
                    "python": "3.12.14"
                },
                "ANNOTATE_SHARP_CLUSTERS": {
                    "python": "3.12.14"
                },
                "ANNOTATE_TSS_CLUSTERS": {
                    "python": "3.12.14"
                },
                "ASSIGN_PAIRS_TO_TSS": {
                    "pysam": "0.24.1",
                    "python": "3.12.14"
                },
                "BAM_TO_CTSS": {
                    "pysam": "0.24.1",
                    "python": "3.12.14"
                },
                "BEDTOOLS_GENOMECOV": {
                    "bedtools": "2.31.1"
                },
                "COVERAGE_BIGWIG": {
                    "ucsc": 482
                },
                "FASTP": {
                    "fastp": "1.3.6"
                },
                "FASTQC": {
                    "fastqc": "0.12.1"
                },
                "GFFCOMPARE": {
                    "gffcompare": "0.12.6"
                },
                "GFFREAD_FASTA": {
                    "gffread": "0.12.7"
                },
                "GFFREAD_GFF3": {
                    "gffread": "0.12.7"
                },
                "MERGE_CAGESCAN_CLUSTERS": {
                    "python": "3.12.14"
                },
                "MERGE_TRANSCRIPT_COUNTS": {
                    "python": "3.12.14"
                },
                "MERGE_TSS_COUNTS": {
                    "python": "3.12.14"
                },
                "PARACLU": {
                    "paraclu": 10
                },
                "PARACLU_RAW": {
                    "paraclu": 10
                },
                "POOL_CTSS": {
                    "python": "3.12.14"
                },
                "RECLU_COMBINE": {
                    "python": "3.9.2"
                },
                "RECLU_HIERARCHY": {
                    "python": "3.9.2"
                },
                "RECLU_IDR": {
                    "idr": "2.0.4.2"
                },
                "SAMTOOLS_FAIDX": {
                    "samtools": 1.24
                },
                "SAMTOOLS_FLAGSTAT": {
                    "samtools": 1.24
                },
                "SAMTOOLS_IDXSTATS": {
                    "samtools": 1.24
                },
                "SAMTOOLS_INDEX": {
                    "samtools": 1.24
                },
                "SAMTOOLS_STATS": {
                    "samtools": 1.24
                },
                "SAMTOOLS_VIEW": {
                    "samtools": 1.24
                },
                "STAR_ALIGN": {
                    "gawk": "5.1.0",
                    "samtools": 1.21,
                    "star": "2.7.11b"
                },
                "STAR_GENOMEGENERATE": {
                    "gawk": "5.1.0",
                    "samtools": 1.21,
                    "star": "2.7.11b"
                },
                "STRINGTIE_ASSEMBLE": {
                    "stringtie": "3.0.3"
                },
                "STRINGTIE_MERGE": {
                    "stringtie": "3.0.3"
                },
                "STRINGTIE_QUANT": {
                    "stringtie": "3.0.3"
                },
                "UCSC_BEDGRAPHTOBIGWIG": {
                    "ucsc": 482
                },
                "Workflow": {
                    "luscombeu/cagescan": "v1.0.0dev"
                }
            },
            [
                "alignment",
                "alignment/SAMPLE1.Aligned.sortedByCoord.out.bam",
                "alignment/SAMPLE1.Aligned.sortedByCoord.out.bam.bai",
                "alignment/SAMPLE2.Aligned.sortedByCoord.out.bam",
                "alignment/SAMPLE2.Aligned.sortedByCoord.out.bam.bai",
                "alignment/samtools_stats",
                "alignment/samtools_stats/SAMPLE1.flagstat",
                "alignment/samtools_stats/SAMPLE1.idxstats",
                "alignment/samtools_stats/SAMPLE1.stats",
                "alignment/samtools_stats/SAMPLE2.flagstat",
                "alignment/samtools_stats/SAMPLE2.idxstats",
                "alignment/samtools_stats/SAMPLE2.stats",
                "alignment/star",
                "alignment/star/log",
                "alignment/star/log/SAMPLE1.Log.final.out",
                "alignment/star/log/SAMPLE1.Log.out",
                "alignment/star/log/SAMPLE1.Log.progress.out",
                "alignment/star/log/SAMPLE1.SJ.out.tab",
                "alignment/star/log/SAMPLE2.Log.final.out",
                "alignment/star/log/SAMPLE2.Log.out",
                "alignment/star/log/SAMPLE2.Log.progress.out",
                "alignment/star/log/SAMPLE2.SJ.out.tab",
                "cagescan_clusters",
                "cagescan_clusters/broad",
                "cagescan_clusters/broad/SAMPLE1.broad.cagescan_clusters.bed12",
                "cagescan_clusters/broad/SAMPLE2.broad.cagescan_clusters.bed12",
                "cagescan_clusters/broad/all_samples.broad.cagescan_clusters.bed12",
                "cagescan_clusters/sharp",
                "cagescan_clusters/sharp/SAMPLE1.sharp.cagescan_clusters.bed12",
                "cagescan_clusters/sharp/SAMPLE2.sharp.cagescan_clusters.bed12",
                "cagescan_clusters/sharp/all_samples.sharp.cagescan_clusters.bed12",
                "coverage",
                "coverage/SAMPLE1.coverage.minus.bigWig",
                "coverage/SAMPLE1.coverage.plus.bigWig",
                "coverage/SAMPLE2.coverage.minus.bigWig",
                "coverage/SAMPLE2.coverage.plus.bigWig",
                "ctss",
                "ctss/SAMPLE1.ctss.bed",
                "ctss/SAMPLE1.softclip_5p.tsv",
                "ctss/SAMPLE2.ctss.bed",
                "ctss/SAMPLE2.softclip_5p.tsv",
                "ctss/bigwig",
                "ctss/bigwig/SAMPLE1.ctss.minus.bigWig",
                "ctss/bigwig/SAMPLE1.ctss.plus.bigWig",
                "ctss/bigwig/SAMPLE2.ctss.minus.bigWig",
                "ctss/bigwig/SAMPLE2.ctss.plus.bigWig",
                "ctss/bigwig/all_samples.ctss.minus.bigWig",
                "ctss/bigwig/all_samples.ctss.plus.bigWig",
                "fastqc",
                "fastqc/SAMPLE1_1_fastqc.html",
                "fastqc/SAMPLE1_1_fastqc.zip",
                "fastqc/SAMPLE1_2_fastqc.html",
                "fastqc/SAMPLE1_2_fastqc.zip",
                "fastqc/SAMPLE2_1_fastqc.html",
                "fastqc/SAMPLE2_1_fastqc.zip",
                "fastqc/SAMPLE2_2_fastqc.html",
                "fastqc/SAMPLE2_2_fastqc.zip",
                "gffcompare",
                "gffcompare/broad",
                "gffcompare/broad/merged_broad.annotated.gtf",
                "gffcompare/broad/merged_broad.loci",
                "gffcompare/broad/merged_broad.merged.broad.transcripts.gtf.refmap",
                "gffcompare/broad/merged_broad.merged.broad.transcripts.gtf.tmap",
                "gffcompare/broad/merged_broad.stats",
                "gffcompare/broad/merged_broad.tracking",
                "gffcompare/sharp",
                "gffcompare/sharp/merged_sharp.annotated.gtf",
                "gffcompare/sharp/merged_sharp.loci",
                "gffcompare/sharp/merged_sharp.merged.sharp.transcripts.gtf.refmap",
                "gffcompare/sharp/merged_sharp.merged.sharp.transcripts.gtf.tmap",
                "gffcompare/sharp/merged_sharp.stats",
                "gffcompare/sharp/merged_sharp.tracking",
                "igv_session.xml",
                "multiqc",
                "multiqc/multiqc_data",
                "multiqc/multiqc_data/fastp-seq-content-gc-plot_Read_1_After_filtering.txt",
                "multiqc/multiqc_data/fastp-seq-content-gc-plot_Read_1_Before_filtering.txt",
                "multiqc/multiqc_data/fastp-seq-content-gc-plot_Read_2_After_filtering.txt",
                "multiqc/multiqc_data/fastp-seq-content-gc-plot_Read_2_Before_filtering.txt",
                "multiqc/multiqc_data/fastp-seq-content-n-plot_Read_1_After_filtering.txt",
                "multiqc/multiqc_data/fastp-seq-content-n-plot_Read_1_Before_filtering.txt",
                "multiqc/multiqc_data/fastp-seq-content-n-plot_Read_2_After_filtering.txt",
                "multiqc/multiqc_data/fastp-seq-content-n-plot_Read_2_Before_filtering.txt",
                "multiqc/multiqc_data/fastp-seq-quality-plot_Read_1_After_filtering.txt",
                "multiqc/multiqc_data/fastp-seq-quality-plot_Read_1_Before_filtering.txt",
                "multiqc/multiqc_data/fastp-seq-quality-plot_Read_2_After_filtering.txt",
                "multiqc/multiqc_data/fastp-seq-quality-plot_Read_2_Before_filtering.txt",
                "multiqc/multiqc_data/fastp_filtered_reads_plot.txt",
                "multiqc/multiqc_data/fastqc-status-check-heatmap.txt",
                "multiqc/multiqc_data/fastqc_overrepresented_sequences_plot.txt",
                "multiqc/multiqc_data/fastqc_per_base_n_content_plot.txt",
                "multiqc/multiqc_data/fastqc_per_base_sequence_quality_plot.txt",
                "multiqc/multiqc_data/fastqc_per_sequence_gc_content_plot_Counts.txt",
                "multiqc/multiqc_data/fastqc_per_sequence_gc_content_plot_Percentages.txt",
                "multiqc/multiqc_data/fastqc_per_sequence_quality_scores_plot.txt",
                "multiqc/multiqc_data/fastqc_sequence_counts_plot.txt",
                "multiqc/multiqc_data/fastqc_sequence_duplication_levels_plot.txt",
                "multiqc/multiqc_data/fastqc_top_overrepresented_sequences_table.txt",
                "multiqc/multiqc_data/llms-full.txt",
                "multiqc/multiqc_data/multiqc.log",
                "multiqc/multiqc_data/multiqc.parquet",
                "multiqc/multiqc_data/multiqc_anchor_stats.txt",
                "multiqc/multiqc_data/multiqc_citations.txt",
                "multiqc/multiqc_data/multiqc_ctss_stats.txt",
                "multiqc/multiqc_data/multiqc_data.json",
                "multiqc/multiqc_data/multiqc_fastp.txt",
                "multiqc/multiqc_data/multiqc_fastqc.txt",
                "multiqc/multiqc_data/multiqc_general_stats.txt",
                "multiqc/multiqc_data/multiqc_reclu_stats.txt",
                "multiqc/multiqc_data/multiqc_samtools_flagstat.txt",
                "multiqc/multiqc_data/multiqc_samtools_idxstats.txt",
                "multiqc/multiqc_data/multiqc_samtools_stats.txt",
                "multiqc/multiqc_data/multiqc_software_versions.txt",
                "multiqc/multiqc_data/multiqc_sources.txt",
                "multiqc/multiqc_data/multiqc_star.txt",
                "multiqc/multiqc_data/multiqc_tss_assign_stats.txt",
                "multiqc/multiqc_data/samtools-flagstat-pct-table.txt",
                "multiqc/multiqc_data/samtools-flagstat-table.txt",
                "multiqc/multiqc_data/samtools-idxstats-mapped-reads-plot_Normalised_Counts.txt",
                "multiqc/multiqc_data/samtools-idxstats-mapped-reads-plot_Observed_over_Expected_Counts.txt",
                "multiqc/multiqc_data/samtools-idxstats-mapped-reads-plot_Raw_Counts.txt",
                "multiqc/multiqc_data/samtools-stats-dp.txt",
                "multiqc/multiqc_data/samtools_alignment_plot.txt",
                "multiqc/multiqc_data/samtools_insert_size.txt",
                "multiqc/multiqc_data/star_alignment_plot.txt",
                "multiqc/multiqc_data/star_summary_table.txt",
                "multiqc/multiqc_plots",
                "multiqc/multiqc_plots/pdf",
                "multiqc/multiqc_plots/pdf/anchor_stats.pdf",
                "multiqc/multiqc_plots/pdf/ctss_stats.pdf",
                "multiqc/multiqc_plots/pdf/fastp-seq-content-gc-plot_Read_1_After_filtering.pdf",
                "multiqc/multiqc_plots/pdf/fastp-seq-content-gc-plot_Read_1_Before_filtering.pdf",
                "multiqc/multiqc_plots/pdf/fastp-seq-content-gc-plot_Read_2_After_filtering.pdf",
                "multiqc/multiqc_plots/pdf/fastp-seq-content-gc-plot_Read_2_Before_filtering.pdf",
                "multiqc/multiqc_plots/pdf/fastp-seq-content-n-plot_Read_1_After_filtering.pdf",
                "multiqc/multiqc_plots/pdf/fastp-seq-content-n-plot_Read_1_Before_filtering.pdf",
                "multiqc/multiqc_plots/pdf/fastp-seq-content-n-plot_Read_2_After_filtering.pdf",
                "multiqc/multiqc_plots/pdf/fastp-seq-content-n-plot_Read_2_Before_filtering.pdf",
                "multiqc/multiqc_plots/pdf/fastp-seq-quality-plot_Read_1_After_filtering.pdf",
                "multiqc/multiqc_plots/pdf/fastp-seq-quality-plot_Read_1_Before_filtering.pdf",
                "multiqc/multiqc_plots/pdf/fastp-seq-quality-plot_Read_2_After_filtering.pdf",
                "multiqc/multiqc_plots/pdf/fastp-seq-quality-plot_Read_2_Before_filtering.pdf",
                "multiqc/multiqc_plots/pdf/fastp_filtered_reads_plot-cnt.pdf",
                "multiqc/multiqc_plots/pdf/fastp_filtered_reads_plot-pct.pdf",
                "multiqc/multiqc_plots/pdf/fastqc-status-check-heatmap.pdf",
                "multiqc/multiqc_plots/pdf/fastqc_overrepresented_sequences_plot.pdf",
                "multiqc/multiqc_plots/pdf/fastqc_per_base_n_content_plot.pdf",
                "multiqc/multiqc_plots/pdf/fastqc_per_base_sequence_quality_plot.pdf",
                "multiqc/multiqc_plots/pdf/fastqc_per_sequence_gc_content_plot_Counts.pdf",
                "multiqc/multiqc_plots/pdf/fastqc_per_sequence_gc_content_plot_Percentages.pdf",
                "multiqc/multiqc_plots/pdf/fastqc_per_sequence_quality_scores_plot.pdf",
                "multiqc/multiqc_plots/pdf/fastqc_sequence_counts_plot-cnt.pdf",
                "multiqc/multiqc_plots/pdf/fastqc_sequence_counts_plot-pct.pdf",
                "multiqc/multiqc_plots/pdf/fastqc_sequence_duplication_levels_plot.pdf",
                "multiqc/multiqc_plots/pdf/fastqc_top_overrepresented_sequences_table.pdf",
                "multiqc/multiqc_plots/pdf/reclu_stats.pdf",
                "multiqc/multiqc_plots/pdf/samtools-flagstat-pct-table.pdf",
                "multiqc/multiqc_plots/pdf/samtools-flagstat-table.pdf",
                "multiqc/multiqc_plots/pdf/samtools-idxstats-mapped-reads-plot_Normalised_Counts-cnt.pdf",
                "multiqc/multiqc_plots/pdf/samtools-idxstats-mapped-reads-plot_Normalised_Counts-log.pdf",
                "multiqc/multiqc_plots/pdf/samtools-idxstats-mapped-reads-plot_Observed_over_Expected_Counts-cnt.pdf",
                "multiqc/multiqc_plots/pdf/samtools-idxstats-mapped-reads-plot_Observed_over_Expected_Counts-log.pdf",
                "multiqc/multiqc_plots/pdf/samtools-idxstats-mapped-reads-plot_Raw_Counts-cnt.pdf",
                "multiqc/multiqc_plots/pdf/samtools-idxstats-mapped-reads-plot_Raw_Counts-log.pdf",
                "multiqc/multiqc_plots/pdf/samtools-stats-dp.pdf",
                "multiqc/multiqc_plots/pdf/samtools_alignment_plot-cnt.pdf",
                "multiqc/multiqc_plots/pdf/samtools_alignment_plot-pct.pdf",
                "multiqc/multiqc_plots/pdf/samtools_insert_size.pdf",
                "multiqc/multiqc_plots/pdf/star_alignment_plot-cnt.pdf",
                "multiqc/multiqc_plots/pdf/star_alignment_plot-pct.pdf",
                "multiqc/multiqc_plots/pdf/star_summary_table.pdf",
                "multiqc/multiqc_plots/pdf/tss_assign_stats.pdf",
                "multiqc/multiqc_plots/png",
                "multiqc/multiqc_plots/png/anchor_stats.png",
                "multiqc/multiqc_plots/png/ctss_stats.png",
                "multiqc/multiqc_plots/png/fastp-seq-content-gc-plot_Read_1_After_filtering.png",
                "multiqc/multiqc_plots/png/fastp-seq-content-gc-plot_Read_1_Before_filtering.png",
                "multiqc/multiqc_plots/png/fastp-seq-content-gc-plot_Read_2_After_filtering.png",
                "multiqc/multiqc_plots/png/fastp-seq-content-gc-plot_Read_2_Before_filtering.png",
                "multiqc/multiqc_plots/png/fastp-seq-content-n-plot_Read_1_After_filtering.png",
                "multiqc/multiqc_plots/png/fastp-seq-content-n-plot_Read_1_Before_filtering.png",
                "multiqc/multiqc_plots/png/fastp-seq-content-n-plot_Read_2_After_filtering.png",
                "multiqc/multiqc_plots/png/fastp-seq-content-n-plot_Read_2_Before_filtering.png",
                "multiqc/multiqc_plots/png/fastp-seq-quality-plot_Read_1_After_filtering.png",
                "multiqc/multiqc_plots/png/fastp-seq-quality-plot_Read_1_Before_filtering.png",
                "multiqc/multiqc_plots/png/fastp-seq-quality-plot_Read_2_After_filtering.png",
                "multiqc/multiqc_plots/png/fastp-seq-quality-plot_Read_2_Before_filtering.png",
                "multiqc/multiqc_plots/png/fastp_filtered_reads_plot-cnt.png",
                "multiqc/multiqc_plots/png/fastp_filtered_reads_plot-pct.png",
                "multiqc/multiqc_plots/png/fastqc-status-check-heatmap.png",
                "multiqc/multiqc_plots/png/fastqc_overrepresented_sequences_plot.png",
                "multiqc/multiqc_plots/png/fastqc_per_base_n_content_plot.png",
                "multiqc/multiqc_plots/png/fastqc_per_base_sequence_quality_plot.png",
                "multiqc/multiqc_plots/png/fastqc_per_sequence_gc_content_plot_Counts.png",
                "multiqc/multiqc_plots/png/fastqc_per_sequence_gc_content_plot_Percentages.png",
                "multiqc/multiqc_plots/png/fastqc_per_sequence_quality_scores_plot.png",
                "multiqc/multiqc_plots/png/fastqc_sequence_counts_plot-cnt.png",
                "multiqc/multiqc_plots/png/fastqc_sequence_counts_plot-pct.png",
                "multiqc/multiqc_plots/png/fastqc_sequence_duplication_levels_plot.png",
                "multiqc/multiqc_plots/png/fastqc_top_overrepresented_sequences_table.png",
                "multiqc/multiqc_plots/png/reclu_stats.png",
                "multiqc/multiqc_plots/png/samtools-flagstat-pct-table.png",
                "multiqc/multiqc_plots/png/samtools-flagstat-table.png",
                "multiqc/multiqc_plots/png/samtools-idxstats-mapped-reads-plot_Normalised_Counts-cnt.png",
                "multiqc/multiqc_plots/png/samtools-idxstats-mapped-reads-plot_Normalised_Counts-log.png",
                "multiqc/multiqc_plots/png/samtools-idxstats-mapped-reads-plot_Observed_over_Expected_Counts-cnt.png",
                "multiqc/multiqc_plots/png/samtools-idxstats-mapped-reads-plot_Observed_over_Expected_Counts-log.png",
                "multiqc/multiqc_plots/png/samtools-idxstats-mapped-reads-plot_Raw_Counts-cnt.png",
                "multiqc/multiqc_plots/png/samtools-idxstats-mapped-reads-plot_Raw_Counts-log.png",
                "multiqc/multiqc_plots/png/samtools-stats-dp.png",
                "multiqc/multiqc_plots/png/samtools_alignment_plot-cnt.png",
                "multiqc/multiqc_plots/png/samtools_alignment_plot-pct.png",
                "multiqc/multiqc_plots/png/samtools_insert_size.png",
                "multiqc/multiqc_plots/png/star_alignment_plot-cnt.png",
                "multiqc/multiqc_plots/png/star_alignment_plot-pct.png",
                "multiqc/multiqc_plots/png/star_summary_table.png",
                "multiqc/multiqc_plots/png/tss_assign_stats.png",
                "multiqc/multiqc_plots/svg",
                "multiqc/multiqc_plots/svg/anchor_stats.svg",
                "multiqc/multiqc_plots/svg/ctss_stats.svg",
                "multiqc/multiqc_plots/svg/fastp-seq-content-gc-plot_Read_1_After_filtering.svg",
                "multiqc/multiqc_plots/svg/fastp-seq-content-gc-plot_Read_1_Before_filtering.svg",
                "multiqc/multiqc_plots/svg/fastp-seq-content-gc-plot_Read_2_After_filtering.svg",
                "multiqc/multiqc_plots/svg/fastp-seq-content-gc-plot_Read_2_Before_filtering.svg",
                "multiqc/multiqc_plots/svg/fastp-seq-content-n-plot_Read_1_After_filtering.svg",
                "multiqc/multiqc_plots/svg/fastp-seq-content-n-plot_Read_1_Before_filtering.svg",
                "multiqc/multiqc_plots/svg/fastp-seq-content-n-plot_Read_2_After_filtering.svg",
                "multiqc/multiqc_plots/svg/fastp-seq-content-n-plot_Read_2_Before_filtering.svg",
                "multiqc/multiqc_plots/svg/fastp-seq-quality-plot_Read_1_After_filtering.svg",
                "multiqc/multiqc_plots/svg/fastp-seq-quality-plot_Read_1_Before_filtering.svg",
                "multiqc/multiqc_plots/svg/fastp-seq-quality-plot_Read_2_After_filtering.svg",
                "multiqc/multiqc_plots/svg/fastp-seq-quality-plot_Read_2_Before_filtering.svg",
                "multiqc/multiqc_plots/svg/fastp_filtered_reads_plot-cnt.svg",
                "multiqc/multiqc_plots/svg/fastp_filtered_reads_plot-pct.svg",
                "multiqc/multiqc_plots/svg/fastqc-status-check-heatmap.svg",
                "multiqc/multiqc_plots/svg/fastqc_overrepresented_sequences_plot.svg",
                "multiqc/multiqc_plots/svg/fastqc_per_base_n_content_plot.svg",
                "multiqc/multiqc_plots/svg/fastqc_per_base_sequence_quality_plot.svg",
                "multiqc/multiqc_plots/svg/fastqc_per_sequence_gc_content_plot_Counts.svg",
                "multiqc/multiqc_plots/svg/fastqc_per_sequence_gc_content_plot_Percentages.svg",
                "multiqc/multiqc_plots/svg/fastqc_per_sequence_quality_scores_plot.svg",
                "multiqc/multiqc_plots/svg/fastqc_sequence_counts_plot-cnt.svg",
                "multiqc/multiqc_plots/svg/fastqc_sequence_counts_plot-pct.svg",
                "multiqc/multiqc_plots/svg/fastqc_sequence_duplication_levels_plot.svg",
                "multiqc/multiqc_plots/svg/fastqc_top_overrepresented_sequences_table.svg",
                "multiqc/multiqc_plots/svg/reclu_stats.svg",
                "multiqc/multiqc_plots/svg/samtools-flagstat-pct-table.svg",
                "multiqc/multiqc_plots/svg/samtools-flagstat-table.svg",
                "multiqc/multiqc_plots/svg/samtools-idxstats-mapped-reads-plot_Normalised_Counts-cnt.svg",
                "multiqc/multiqc_plots/svg/samtools-idxstats-mapped-reads-plot_Normalised_Counts-log.svg",
                "multiqc/multiqc_plots/svg/samtools-idxstats-mapped-reads-plot_Observed_over_Expected_Counts-cnt.svg",
                "multiqc/multiqc_plots/svg/samtools-idxstats-mapped-reads-plot_Observed_over_Expected_Counts-log.svg",
                "multiqc/multiqc_plots/svg/samtools-idxstats-mapped-reads-plot_Raw_Counts-cnt.svg",
                "multiqc/multiqc_plots/svg/samtools-idxstats-mapped-reads-plot_Raw_Counts-log.svg",
                "multiqc/multiqc_plots/svg/samtools-stats-dp.svg",
                "multiqc/multiqc_plots/svg/samtools_alignment_plot-cnt.svg",
                "multiqc/multiqc_plots/svg/samtools_alignment_plot-pct.svg",
                "multiqc/multiqc_plots/svg/samtools_insert_size.svg",
                "multiqc/multiqc_plots/svg/star_alignment_plot-cnt.svg",
                "multiqc/multiqc_plots/svg/star_alignment_plot-pct.svg",
                "multiqc/multiqc_plots/svg/star_summary_table.svg",
                "multiqc/multiqc_plots/svg/tss_assign_stats.svg",
                "multiqc/multiqc_report.html",
                "pipeline_info",
                "pipeline_info/cagescan_software_mqc_versions.yml",
                "quantification",
                "quantification/broad",
                "quantification/broad/SAMPLE1",
                "quantification/broad/SAMPLE1/SAMPLE1.broad.quant.ballgown",
                "quantification/broad/SAMPLE1/SAMPLE1.broad.quant.ballgown/e2t.ctab",
                "quantification/broad/SAMPLE1/SAMPLE1.broad.quant.ballgown/e_data.ctab",
                "quantification/broad/SAMPLE1/SAMPLE1.broad.quant.ballgown/i2t.ctab",
                "quantification/broad/SAMPLE1/SAMPLE1.broad.quant.ballgown/i_data.ctab",
                "quantification/broad/SAMPLE1/SAMPLE1.broad.quant.ballgown/t_data.ctab",
                "quantification/broad/SAMPLE1/SAMPLE1.broad.quant.coverage.gtf",
                "quantification/broad/SAMPLE1/SAMPLE1.broad.quant.gene.abundance.txt",
                "quantification/broad/SAMPLE1/SAMPLE1.broad.quant.transcripts.gtf",
                "quantification/broad/SAMPLE2",
                "quantification/broad/SAMPLE2/SAMPLE2.broad.quant.ballgown",
                "quantification/broad/SAMPLE2/SAMPLE2.broad.quant.ballgown/e2t.ctab",
                "quantification/broad/SAMPLE2/SAMPLE2.broad.quant.ballgown/e_data.ctab",
                "quantification/broad/SAMPLE2/SAMPLE2.broad.quant.ballgown/i2t.ctab",
                "quantification/broad/SAMPLE2/SAMPLE2.broad.quant.ballgown/i_data.ctab",
                "quantification/broad/SAMPLE2/SAMPLE2.broad.quant.ballgown/t_data.ctab",
                "quantification/broad/SAMPLE2/SAMPLE2.broad.quant.coverage.gtf",
                "quantification/broad/SAMPLE2/SAMPLE2.broad.quant.gene.abundance.txt",
                "quantification/broad/SAMPLE2/SAMPLE2.broad.quant.transcripts.gtf",
                "quantification/broad/all_samples.broad.transcript_cov.tsv",
                "quantification/broad/all_samples.broad.transcript_tpm.tsv",
                "quantification/sharp",
                "quantification/sharp/SAMPLE1",
                "quantification/sharp/SAMPLE1/SAMPLE1.sharp.quant.ballgown",
                "quantification/sharp/SAMPLE1/SAMPLE1.sharp.quant.ballgown/e2t.ctab",
                "quantification/sharp/SAMPLE1/SAMPLE1.sharp.quant.ballgown/e_data.ctab",
                "quantification/sharp/SAMPLE1/SAMPLE1.sharp.quant.ballgown/i2t.ctab",
                "quantification/sharp/SAMPLE1/SAMPLE1.sharp.quant.ballgown/i_data.ctab",
                "quantification/sharp/SAMPLE1/SAMPLE1.sharp.quant.ballgown/t_data.ctab",
                "quantification/sharp/SAMPLE1/SAMPLE1.sharp.quant.coverage.gtf",
                "quantification/sharp/SAMPLE1/SAMPLE1.sharp.quant.gene.abundance.txt",
                "quantification/sharp/SAMPLE1/SAMPLE1.sharp.quant.transcripts.gtf",
                "quantification/sharp/SAMPLE2",
                "quantification/sharp/SAMPLE2/SAMPLE2.sharp.quant.ballgown",
                "quantification/sharp/SAMPLE2/SAMPLE2.sharp.quant.ballgown/e2t.ctab",
                "quantification/sharp/SAMPLE2/SAMPLE2.sharp.quant.ballgown/e_data.ctab",
                "quantification/sharp/SAMPLE2/SAMPLE2.sharp.quant.ballgown/i2t.ctab",
                "quantification/sharp/SAMPLE2/SAMPLE2.sharp.quant.ballgown/i_data.ctab",
                "quantification/sharp/SAMPLE2/SAMPLE2.sharp.quant.ballgown/t_data.ctab",
                "quantification/sharp/SAMPLE2/SAMPLE2.sharp.quant.coverage.gtf",
                "quantification/sharp/SAMPLE2/SAMPLE2.sharp.quant.gene.abundance.txt",
                "quantification/sharp/SAMPLE2/SAMPLE2.sharp.quant.transcripts.gtf",
                "quantification/sharp/all_samples.sharp.transcript_cov.tsv",
                "quantification/sharp/all_samples.sharp.transcript_tpm.tsv",
                "stringtie",
                "stringtie/broad",
                "stringtie/broad/SAMPLE1.broad.transcripts.gtf",
                "stringtie/broad/SAMPLE2.broad.transcripts.gtf",
                "stringtie/broad/merged.broad.gtf",
                "stringtie/sharp",
                "stringtie/sharp/SAMPLE1.sharp.transcripts.gtf",
                "stringtie/sharp/SAMPLE2.sharp.transcripts.gtf",
                "stringtie/sharp/merged.sharp.gtf",
                "transcripts",
                "transcripts/broad",
                "transcripts/broad/SAMPLE1",
                "transcripts/broad/SAMPLE1/SAMPLE1.broad.transcripts.bed12",
                "transcripts/broad/SAMPLE1/SAMPLE1.broad.transcripts.fasta",
                "transcripts/broad/SAMPLE1/SAMPLE1.broad.transcripts.gff3",
                "transcripts/broad/SAMPLE1/SAMPLE1.broad.transcripts.gtf",
                "transcripts/broad/SAMPLE2",
                "transcripts/broad/SAMPLE2/SAMPLE2.broad.transcripts.bed12",
                "transcripts/broad/SAMPLE2/SAMPLE2.broad.transcripts.fasta",
                "transcripts/broad/SAMPLE2/SAMPLE2.broad.transcripts.gff3",
                "transcripts/broad/SAMPLE2/SAMPLE2.broad.transcripts.gtf",
                "transcripts/broad/merged",
                "transcripts/broad/merged/merged.broad.transcripts.bed12",
                "transcripts/broad/merged/merged.broad.transcripts.fasta",
                "transcripts/broad/merged/merged.broad.transcripts.gff3",
                "transcripts/broad/merged/merged.broad.transcripts.gtf",
                "transcripts/sharp",
                "transcripts/sharp/SAMPLE1",
                "transcripts/sharp/SAMPLE1/SAMPLE1.sharp.transcripts.bed12",
                "transcripts/sharp/SAMPLE1/SAMPLE1.sharp.transcripts.fasta",
                "transcripts/sharp/SAMPLE1/SAMPLE1.sharp.transcripts.gff3",
                "transcripts/sharp/SAMPLE1/SAMPLE1.sharp.transcripts.gtf",
                "transcripts/sharp/SAMPLE2",
                "transcripts/sharp/SAMPLE2/SAMPLE2.sharp.transcripts.bed12",
                "transcripts/sharp/SAMPLE2/SAMPLE2.sharp.transcripts.fasta",
                "transcripts/sharp/SAMPLE2/SAMPLE2.sharp.transcripts.gff3",
                "transcripts/sharp/SAMPLE2/SAMPLE2.sharp.transcripts.gtf",
                "transcripts/sharp/merged",
                "transcripts/sharp/merged/merged.sharp.transcripts.bed12",
                "transcripts/sharp/merged/merged.sharp.transcripts.fasta",
                "transcripts/sharp/merged/merged.sharp.transcripts.gff3",
                "transcripts/sharp/merged/merged.sharp.transcripts.gtf",
                "trimming",
                "trimming/fastp",
                "trimming/fastp/SAMPLE1.fastp.html",
                "trimming/fastp/SAMPLE1.fastp.json",
                "trimming/fastp/SAMPLE1.fastp.log",
                "trimming/fastp/SAMPLE2.fastp.html",
                "trimming/fastp/SAMPLE2.fastp.json",
                "trimming/fastp/SAMPLE2.fastp.log",
                "tss_clusters",
                "tss_clusters/all_samples.ctss.bed",
                "tss_clusters/all_samples.ctss.minus.bedgraph",
                "tss_clusters/all_samples.ctss.plus.bedgraph",
                "tss_clusters/broad",
                "tss_clusters/broad/all_samples.broad.tss_cluster_counts.tsv",
                "tss_clusters/broad/all_samples.broad.tss_cluster_cpm.tsv",
                "tss_clusters/broad/all_samples.broad.tss_cluster_sl_counts.tsv",
                "tss_clusters/broad/all_samples.broad.tss_clusters.bed",
                "tss_clusters/broad/all_samples.broad.tss_clusters.tsv",
                "tss_clusters/broad/tss_anchored_bam",
                "tss_clusters/broad/tss_anchored_bam/SAMPLE1.broad.tss.bam",
                "tss_clusters/broad/tss_anchored_bam/SAMPLE1.broad.tss.bam.bai",
                "tss_clusters/broad/tss_anchored_bam/SAMPLE2.broad.tss.bam",
                "tss_clusters/broad/tss_anchored_bam/SAMPLE2.broad.tss.bam.bai",
                "tss_clusters/sharp",
                "tss_clusters/sharp/all_samples.reclu_clusters.bed",
                "tss_clusters/sharp/all_samples.sharp.tss_cluster_counts.tsv",
                "tss_clusters/sharp/all_samples.sharp.tss_cluster_cpm.tsv",
                "tss_clusters/sharp/all_samples.sharp.tss_cluster_sl_counts.tsv",
                "tss_clusters/sharp/all_samples.sharp.tss_clusters.bed",
                "tss_clusters/sharp/all_samples.sharp.tss_clusters.tsv",
                "tss_clusters/sharp/reclu_idr",
                "tss_clusters/sharp/reclu_idr/A.SAMPLE1_vs_SAMPLE2.reclu_idr.tsv",
                "tss_clusters/sharp/tss_anchored_bam",
                "tss_clusters/sharp/tss_anchored_bam/SAMPLE1.sharp.tss.bam",
                "tss_clusters/sharp/tss_anchored_bam/SAMPLE1.sharp.tss.bam.bai",
                "tss_clusters/sharp/tss_anchored_bam/SAMPLE2.sharp.tss.bam",
                "tss_clusters/sharp/tss_anchored_bam/SAMPLE2.sharp.tss.bam.bai"
            ],
            [
                "SAMPLE1.flagstat:md5,cdb0ca1071f48552628cee5d7b936518",
                "SAMPLE1.idxstats:md5,60960d3f576e9bf79663fa0918ec592b",
                "SAMPLE2.flagstat:md5,1f857e8948ef2756a7b5e025c2c8882c",
                "SAMPLE2.idxstats:md5,baf40a161776c8b0f391829363b69ab1",
                "SAMPLE1.broad.cagescan_clusters.bed12:md5,b4fab7811aafac178d6b87c1d64a256f",
                "SAMPLE2.broad.cagescan_clusters.bed12:md5,5342736787190778e87b2db5cb700382",
                "all_samples.broad.cagescan_clusters.bed12:md5,1ebe04f2a6467ee2be6ec0cf49313ba0",
                "SAMPLE1.sharp.cagescan_clusters.bed12:md5,f4a288866248983effa849c20198ea6e",
                "SAMPLE2.sharp.cagescan_clusters.bed12:md5,76aec909440a98c4295b75eaa1df45e4",
                "all_samples.sharp.cagescan_clusters.bed12:md5,aee99b9fa46e55290fb7b82f00d60001",
                "SAMPLE1.coverage.minus.bigWig:md5,178e4a8cd62e0ad1b71c00b0ed978e9d",
                "SAMPLE1.coverage.plus.bigWig:md5,056630ca449a64a6d9f6c31310bea67d",
                "SAMPLE2.coverage.minus.bigWig:md5,6b6a42319c219c89dc3f869d9be393b7",
                "SAMPLE2.coverage.plus.bigWig:md5,04ad12b33662491f51c2a7eb0bb30348",
                "SAMPLE1.ctss.bed:md5,b3964c2d21db92664a1d1b4cbe618ff5",
                "SAMPLE1.softclip_5p.tsv:md5,c0a53c46d48f1328132224cc4865b871",
                "SAMPLE2.ctss.bed:md5,10542e9482fd0f65b99502f68b3c9f57",
                "SAMPLE2.softclip_5p.tsv:md5,deb6ba6cd3dbc70536ce5226cc4f2131",
                "igv_session.xml:md5,3596c6c46db664bcdbaee7a137fd5f93",
                "fastp-seq-content-gc-plot_Read_1_After_filtering.txt:md5,e912d7c31366df395e80375ba0b2a4f2",
                "fastp-seq-content-gc-plot_Read_1_Before_filtering.txt:md5,f6c97d6fc718c346d70ae1099f49700d",
                "fastp-seq-content-gc-plot_Read_2_After_filtering.txt:md5,c4c52fc2e7cf2f92c5ca2b913379a370",
                "fastp-seq-content-gc-plot_Read_2_Before_filtering.txt:md5,43ab7dbc200813ab478d2d1e6014df9d",
                "fastp-seq-content-n-plot_Read_1_After_filtering.txt:md5,24bb87efc0c15b577722f46e2329e2a7",
                "fastp-seq-content-n-plot_Read_1_Before_filtering.txt:md5,24bb87efc0c15b577722f46e2329e2a7",
                "fastp-seq-content-n-plot_Read_2_After_filtering.txt:md5,24bb87efc0c15b577722f46e2329e2a7",
                "fastp-seq-content-n-plot_Read_2_Before_filtering.txt:md5,24bb87efc0c15b577722f46e2329e2a7",
                "fastp-seq-quality-plot_Read_1_After_filtering.txt:md5,13d8f6ef4d5feb41164477f7e190fecf",
                "fastp-seq-quality-plot_Read_1_Before_filtering.txt:md5,13d8f6ef4d5feb41164477f7e190fecf",
                "fastp-seq-quality-plot_Read_2_After_filtering.txt:md5,13d8f6ef4d5feb41164477f7e190fecf",
                "fastp-seq-quality-plot_Read_2_Before_filtering.txt:md5,13d8f6ef4d5feb41164477f7e190fecf",
                "fastp_filtered_reads_plot.txt:md5,14d34a7b740c6be4ba522c81dd1b772a",
                "fastqc-status-check-heatmap.txt:md5,a43c0dfdf0ac41ad0ff872e5254f0a6c",
                "fastqc_overrepresented_sequences_plot.txt:md5,89c8978ef42d4a1efac4e9934e9e50c3",
                "fastqc_per_base_n_content_plot.txt:md5,ef91b4090b5acb62df89af3d55b2e806",
                "fastqc_per_base_sequence_quality_plot.txt:md5,d33785a7a4659a8b4f64542496cf0548",
                "fastqc_per_sequence_gc_content_plot_Counts.txt:md5,41e8a7618e04f865bb22e9212aa7d700",
                "fastqc_per_sequence_gc_content_plot_Percentages.txt:md5,d281f4f4fe5a98a66f1c400c46101df6",
                "fastqc_per_sequence_quality_scores_plot.txt:md5,f3865a3826dff97ab3c3ccc8b9d48ba5",
                "fastqc_sequence_counts_plot.txt:md5,b467ee00ccf53875892c2a6d6519b820",
                "fastqc_sequence_duplication_levels_plot.txt:md5,52008f92894c3d8788f204425a82492a",
                "multiqc_anchor_stats.txt:md5,e13c5cf3101c2f1e1adb65dc555404d6",
                "multiqc_citations.txt:md5,fea6804f3cca511dce770d4cee7e7e86",
                "multiqc_ctss_stats.txt:md5,496e0f259b7f50173119cf19aeb34260",
                "multiqc_fastp.txt:md5,9a03d5a5fcde000c45449944e56fab04",
                "multiqc_fastqc.txt:md5,5d0a077bb6cc205b8ab570aa82c0f1bb",
                "multiqc_general_stats.txt:md5,5f6ca6dccbbd55c41b7242fafbc4ec28",
                "multiqc_reclu_stats.txt:md5,c7075e3d59bbdf10ed46a31a9bf6ac97",
                "multiqc_samtools_flagstat.txt:md5,286232404c170535ae39e9c772684460",
                "multiqc_samtools_idxstats.txt:md5,c5be55753ad4a58f70b5a4903d8eaf55",
                "multiqc_samtools_stats.txt:md5,8fcebeebd317eea7274bece087d9d089",
                "multiqc_star.txt:md5,5793316a8840cda0b4bce33363de4f6c",
                "multiqc_tss_assign_stats.txt:md5,180992d470753905ec2531df968b8f2c",
                "samtools-flagstat-pct-table.txt:md5,d3a22cbcb4eb8073bf9dc42f86434356",
                "samtools-flagstat-table.txt:md5,d573926cd247261dd6d037eab9d8617d",
                "samtools-idxstats-mapped-reads-plot_Normalised_Counts.txt:md5,6a4644106318d91a59f3803c5a920274",
                "samtools-idxstats-mapped-reads-plot_Observed_over_Expected_Counts.txt:md5,02a71954594833321da224e69c7edd11",
                "samtools-idxstats-mapped-reads-plot_Raw_Counts.txt:md5,c2a5e76cdfa1d7100c10fda8a7befabe",
                "samtools-stats-dp.txt:md5,11b62165fc2049e4cfe7d6e885dced70",
                "samtools_alignment_plot.txt:md5,761fafc6cddb1d869e59d8d0119d2891",
                "samtools_insert_size.txt:md5,1824bf4dbb5aef915b67a042d5866bfa",
                "star_alignment_plot.txt:md5,39e39218b3024cb1524679f7ec10fc87",
                "star_summary_table.txt:md5,79484e7fceee14a91275052e5f9211f3",
                "all_samples.broad.transcript_cov.tsv:md5,c7cb9333d474cf6f2a20e6d3103eb340",
                "all_samples.broad.transcript_tpm.tsv:md5,b6e4ed3d6d5bd362ab4f2b77ea149069",
                "all_samples.sharp.transcript_cov.tsv:md5,5174959c9b2ec58cc78dab7a2fccb34e",
                "all_samples.sharp.transcript_tpm.tsv:md5,30b52f8d35c3c451747e31f4486aab33",
                "SAMPLE1.broad.transcripts.bed12:md5,6adf133cffe6bf73fd9ead34c89f93ad",
                "SAMPLE1.broad.transcripts.fasta:md5,21f4535f738dfc5339568f8b066da079",
                "SAMPLE1.broad.transcripts.gff3:md5,f8ac6d728499ab15ec45f4b821d5a5a2",
                "SAMPLE1.broad.transcripts.gtf:md5,e6a7755d4db7345b4a1eb5f9e64db11d",
                "SAMPLE2.broad.transcripts.bed12:md5,3858d72890453069aa5c9dfceb52c4c0",
                "SAMPLE2.broad.transcripts.fasta:md5,b46ca67493523a5a0fcf99c441df0f4d",
                "SAMPLE2.broad.transcripts.gff3:md5,bd1c66ce6da1c49d6eeef10b2a552505",
                "SAMPLE2.broad.transcripts.gtf:md5,42b779594d35d8b3fe490c66fa8c9f92",
                "merged.broad.transcripts.bed12:md5,f2fd6fa7a3cbd6d76ee3ceb5d7c06341",
                "merged.broad.transcripts.fasta:md5,1c80d1d570be1c7fa836642885397e8f",
                "merged.broad.transcripts.gff3:md5,295b3e15e9310a0b0c51b954d61d4ea6",
                "merged.broad.transcripts.gtf:md5,a76aa65738f2efc1d28893a8f843919a",
                "SAMPLE1.sharp.transcripts.bed12:md5,9c4c170b0cad1b66e89f523f5dd2941f",
                "SAMPLE1.sharp.transcripts.fasta:md5,2af1c9a768277d4b24aab57d9dcf7d90",
                "SAMPLE1.sharp.transcripts.gff3:md5,660c43b8322c40ed07619c6a49e6a0bf",
                "SAMPLE1.sharp.transcripts.gtf:md5,a0ca14f3c668e21d95c076e8628bd9b9",
                "SAMPLE2.sharp.transcripts.bed12:md5,8f22719739c6aa30259554f3f69a11a2",
                "SAMPLE2.sharp.transcripts.fasta:md5,8aa1496482739304b182f2a1a8f8db20",
                "SAMPLE2.sharp.transcripts.gff3:md5,2b448a6f498cd353aec54922b240a236",
                "SAMPLE2.sharp.transcripts.gtf:md5,f91b193d91dfadced84cd3e8963359fa",
                "merged.sharp.transcripts.bed12:md5,ca8aacd53d9b355df3d878d783239648",
                "merged.sharp.transcripts.fasta:md5,77d55d1698fb58f203b3597c7f31b6ed",
                "merged.sharp.transcripts.gff3:md5,7493aa2b669601df257cc48e802dfb12",
                "merged.sharp.transcripts.gtf:md5,b167d0f27218c4c6bfffbf98c27f6329",
                "all_samples.ctss.bed:md5,917f86990029ae5bb4bbc4596e3a7c9a",
                "all_samples.ctss.minus.bedgraph:md5,140b5b28aebf05e2ca2e5a9fe5051857",
                "all_samples.ctss.plus.bedgraph:md5,ee73db74a6d5df21c5b784f77f402917",
                "all_samples.broad.tss_cluster_counts.tsv:md5,87953eea72a80dbadea8464b4be25a8a",
                "all_samples.broad.tss_cluster_cpm.tsv:md5,d8b04d829bf32f6fc1322ff09826fd68",
                "all_samples.broad.tss_cluster_sl_counts.tsv:md5,bc4d7e3ccd09855dc2d7ab8597bd24e3",
                "all_samples.broad.tss_clusters.bed:md5,6191f4b79c2d5f62b91094535157e3d1",
                "all_samples.broad.tss_clusters.tsv:md5,f74a03a9f803192d8caf582bd3ffb7d7",
                "all_samples.reclu_clusters.bed:md5,96d1801faaf1e3dd24a053f4b3984028",
                "all_samples.sharp.tss_cluster_counts.tsv:md5,e6488db8f9981c7032002a8575d514db",
                "all_samples.sharp.tss_cluster_cpm.tsv:md5,c470720701b4a24eee02a515b067b688",
                "all_samples.sharp.tss_cluster_sl_counts.tsv:md5,6b310166d2c97ce8e3400fff4788d837",
                "all_samples.sharp.tss_clusters.bed:md5,4f79020e9a518b00858cf9bd82c73703",
                "all_samples.sharp.tss_clusters.tsv:md5,d9cda68885be8a499c07590d1250f48e",
                "A.SAMPLE1_vs_SAMPLE2.reclu_idr.tsv:md5,e99ab1187d95f88d2c7b9f7b8e8803c0"
            ]
        ],
        "timestamp": "2026-10-05T20:47:49.058930854",
        "meta": {
            "nf-test": "0.9.5",
            "nextflow": "26.04.6"
        }
    }
}