{
    "designed pairs - stub": {
        "content": [
            {
                "0": [
                    [
                        {
                            "id": "test"
                        },
                        "test.erna_candidates.bed:md5,d41d8cd98f00b204e9800998ecf8427e"
                    ]
                ],
                "1": [
                    [
                        {
                            "id": "test"
                        },
                        "test.erna_candidates.tsv:md5,d41d8cd98f00b204e9800998ecf8427e"
                    ]
                ],
                "2": [
                    [
                        {
                            "id": "test"
                        },
                        "test.erna_stats_mqc.tsv:md5,d41d8cd98f00b204e9800998ecf8427e"
                    ]
                ],
                "3": [
                    [
                        "FIND_ERNA",
                        "python",
                        "3.12.14"
                    ]
                ],
                "bed": [
                    [
                        {
                            "id": "test"
                        },
                        "test.erna_candidates.bed:md5,d41d8cd98f00b204e9800998ecf8427e"
                    ]
                ],
                "stats": [
                    [
                        {
                            "id": "test"
                        },
                        "test.erna_stats_mqc.tsv:md5,d41d8cd98f00b204e9800998ecf8427e"
                    ]
                ],
                "tsv": [
                    [
                        {
                            "id": "test"
                        },
                        "test.erna_candidates.tsv:md5,d41d8cd98f00b204e9800998ecf8427e"
                    ]
                ],
                "versions_python": [
                    [
                        "FIND_ERNA",
                        "python",
                        "3.12.14"
                    ]
                ]
            }
        ],
        "timestamp": "2026-10-05T21:31:54.5330358",
        "meta": {
            "nf-test": "0.9.5",
            "nextflow": "26.04.6"
        }
    },
    "designed pairs - one candidate survives all filters": {
        "content": [
            {
                "0": [
                    [
                        {
                            "id": "test"
                        },
                        "test.erna_candidates.bed:md5,57c199716c2837d917aaf66c1776780b"
                    ]
                ],
                "1": [
                    [
                        {
                            "id": "test"
                        },
                        "test.erna_candidates.tsv:md5,7242faac8a6002510af3e8441e14db60"
                    ]
                ],
                "2": [
                    [
                        {
                            "id": "test"
                        },
                        "test.erna_stats_mqc.tsv:md5,7514fbbf3886e7abcc91e812ea98549f"
                    ]
                ],
                "3": [
                    [
                        "FIND_ERNA",
                        "python",
                        "3.12.14"
                    ]
                ],
                "bed": [
                    [
                        {
                            "id": "test"
                        },
                        "test.erna_candidates.bed:md5,57c199716c2837d917aaf66c1776780b"
                    ]
                ],
                "stats": [
                    [
                        {
                            "id": "test"
                        },
                        "test.erna_stats_mqc.tsv:md5,7514fbbf3886e7abcc91e812ea98549f"
                    ]
                ],
                "tsv": [
                    [
                        {
                            "id": "test"
                        },
                        "test.erna_candidates.tsv:md5,7242faac8a6002510af3e8441e14db60"
                    ]
                ],
                "versions_python": [
                    [
                        "FIND_ERNA",
                        "python",
                        "3.12.14"
                    ]
                ]
            }
        ],
        "timestamp": "2026-10-05T21:31:44.902155341",
        "meta": {
            "nf-test": "0.9.5",
            "nextflow": "26.04.6"
        }
    }
}