{
    "simulated CAGE - stub": {
        "content": [
            {
                "0": [
                    [
                        {
                            "id": "test"
                        },
                        "test.ctss.bed:md5,d41d8cd98f00b204e9800998ecf8427e"
                    ]
                ],
                "1": [
                    [
                        {
                            "id": "test"
                        },
                        [
                            "test.ctss.minus.bedgraph:md5,d41d8cd98f00b204e9800998ecf8427e",
                            "test.ctss.plus.bedgraph:md5,d41d8cd98f00b204e9800998ecf8427e"
                        ]
                    ]
                ],
                "2": [
                    [
                        {
                            "id": "test"
                        },
                        "test.softclip_5p.tsv:md5,d41d8cd98f00b204e9800998ecf8427e"
                    ]
                ],
                "3": [
                    [
                        {
                            "id": "test"
                        },
                        "test.ctss_stats_mqc.tsv:md5,d41d8cd98f00b204e9800998ecf8427e"
                    ]
                ],
                "4": [
                    [
                        "BAM_TO_CTSS",
                        "python",
                        "3.12.14"
                    ]
                ],
                "5": [
                    [
                        "BAM_TO_CTSS",
                        "pysam",
                        "0.24.1"
                    ]
                ],
                "bedgraph": [
                    [
                        {
                            "id": "test"
                        },
                        [
                            "test.ctss.minus.bedgraph:md5,d41d8cd98f00b204e9800998ecf8427e",
                            "test.ctss.plus.bedgraph:md5,d41d8cd98f00b204e9800998ecf8427e"
                        ]
                    ]
                ],
                "ctss": [
                    [
                        {
                            "id": "test"
                        },
                        "test.ctss.bed:md5,d41d8cd98f00b204e9800998ecf8427e"
                    ]
                ],
                "softclip": [
                    [
                        {
                            "id": "test"
                        },
                        "test.softclip_5p.tsv:md5,d41d8cd98f00b204e9800998ecf8427e"
                    ]
                ],
                "stats": [
                    [
                        {
                            "id": "test"
                        },
                        "test.ctss_stats_mqc.tsv:md5,d41d8cd98f00b204e9800998ecf8427e"
                    ]
                ],
                "versions_pysam": [
                    [
                        "BAM_TO_CTSS",
                        "pysam",
                        "0.24.1"
                    ]
                ],
                "versions_python": [
                    [
                        "BAM_TO_CTSS",
                        "python",
                        "3.12.14"
                    ]
                ]
            }
        ],
        "timestamp": "2026-10-05T11:45:58.236613447",
        "meta": {
            "nf-test": "0.9.5",
            "nextflow": "26.04.6"
        }
    },
    "simulated CAGE": {
        "content": [
            {
                "0": [
                    [
                        {
                            "id": "test"
                        },
                        "test.ctss.bed:md5,6098ca2f512b40b46df359d2b8b530e0"
                    ]
                ],
                "1": [
                    [
                        {
                            "id": "test"
                        },
                        [
                            "test.ctss.minus.bedgraph:md5,431305e8db747fd7cc6873d6ec01744f",
                            "test.ctss.plus.bedgraph:md5,4cf7fd24a3027f2bb88c34de6a6f9e5e"
                        ]
                    ]
                ],
                "2": [
                    [
                        {
                            "id": "test"
                        },
                        "test.softclip_5p.tsv:md5,b0d3979199efbe2cde9671277573ecac"
                    ]
                ],
                "3": [
                    [
                        {
                            "id": "test"
                        },
                        "test.ctss_stats_mqc.tsv:md5,3b9bfd2124c0f54200884dd69b3f30dc"
                    ]
                ],
                "4": [
                    [
                        "BAM_TO_CTSS",
                        "python",
                        "3.12.14"
                    ]
                ],
                "5": [
                    [
                        "BAM_TO_CTSS",
                        "pysam",
                        "0.24.1"
                    ]
                ],
                "bedgraph": [
                    [
                        {
                            "id": "test"
                        },
                        [
                            "test.ctss.minus.bedgraph:md5,431305e8db747fd7cc6873d6ec01744f",
                            "test.ctss.plus.bedgraph:md5,4cf7fd24a3027f2bb88c34de6a6f9e5e"
                        ]
                    ]
                ],
                "ctss": [
                    [
                        {
                            "id": "test"
                        },
                        "test.ctss.bed:md5,6098ca2f512b40b46df359d2b8b530e0"
                    ]
                ],
                "softclip": [
                    [
                        {
                            "id": "test"
                        },
                        "test.softclip_5p.tsv:md5,b0d3979199efbe2cde9671277573ecac"
                    ]
                ],
                "stats": [
                    [
                        {
                            "id": "test"
                        },
                        "test.ctss_stats_mqc.tsv:md5,3b9bfd2124c0f54200884dd69b3f30dc"
                    ]
                ],
                "versions_pysam": [
                    [
                        "BAM_TO_CTSS",
                        "pysam",
                        "0.24.1"
                    ]
                ],
                "versions_python": [
                    [
                        "BAM_TO_CTSS",
                        "python",
                        "3.12.14"
                    ]
                ]
            }
        ],
        "timestamp": "2026-10-05T17:13:50.194618434",
        "meta": {
            "nf-test": "0.9.5",
            "nextflow": "26.04.6"
        }
    }
}